---
source: tests/integration_test.rs
expression: output_lines
---
- "STDOUT:"
- ""
- ""
- "STDERR:"
- "error:        Could not find 'asdfasdfasdf' in current directory or any parent directory (searched up to 10 levels or until git repository root)"
